Archive member included to satisfy reference by file (symbol)

c:/program files/microchip/xc8/v2.32/avr/bin/../lib/gcc/avr/5.4.0/avr5/memx-const\libgcc.a(_exit.o)
                              C:/Program Files/Microchip/MPLABX/v5.50/packs/Microchip/ATmega_DFP/2.3.126/xc8/avr/lib/avr5/memx-const/crtatmega32.o (exit)
c:/program files/microchip/xc8/v2.32/avr/bin/../lib/gcc/avr/5.4.0/avr5/memx-const\libgcc.a(_copy_data.o)
                              build/default/production/loop.o (__do_clear_bss)
c:/program files/microchip/xc8/v2.32/avr/bin/../lib/gcc/avr/5.4.0/avr5/memx-const\libgcc.a(_movmemx.o)
                              build/default/production/taskprint.o (__movmemx_qi)
c:/program files/microchip/xc8/v2.32/avr/bin/../lib/gcc/avr/5.4.0/../../../../avr/lib/avr5/memx-const\libc.a(itoa_ncheck.o)
                              build/default/production/LCD8bit.o (__itoa_ncheck)
c:/program files/microchip/xc8/v2.32/avr/bin/../lib/gcc/avr/5.4.0/../../../../avr/lib/avr5/memx-const\libc.a(utoa_ncheck.o)
                              c:/program files/microchip/xc8/v2.32/avr/bin/../lib/gcc/avr/5.4.0/../../../../avr/lib/avr5/memx-const\libc.a(itoa_ncheck.o) (__utoa_common)
c:/program files/microchip/xc8/v2.32/avr/bin/../lib/gcc/avr/5.4.0/../../../../avr/lib/avr5/memx-const\libc.a(strrev.o)
                              c:/program files/microchip/xc8/v2.32/avr/bin/../lib/gcc/avr/5.4.0/../../../../avr/lib/avr5/memx-const\libc.a(utoa_ncheck.o) (strrev)

Allocating common symbols
Common symbol       size              file

result              0xa               build/default/production/loop.o

Discarded input sections

 .data          0x0000000000000000        0x0 C:/Program Files/Microchip/MPLABX/v5.50/packs/Microchip/ATmega_DFP/2.3.126/xc8/avr/lib/avr5/memx-const/crtatmega32.o
 .bss           0x0000000000000000        0x0 C:/Program Files/Microchip/MPLABX/v5.50/packs/Microchip/ATmega_DFP/2.3.126/xc8/avr/lib/avr5/memx-const/crtatmega32.o
 .text          0x0000000000000000        0x0 build/default/production/main.o
 .data          0x0000000000000000        0x0 build/default/production/main.o
 .bss           0x0000000000000000        0x0 build/default/production/main.o
 .text          0x0000000000000000        0x0 build/default/production/IO.o
 .data          0x0000000000000000        0x0 build/default/production/IO.o
 .bss           0x0000000000000000        0x0 build/default/production/IO.o
 .text.togglePortData
                0x0000000000000000       0x3a build/default/production/IO.o
 .text.togglePinData
                0x0000000000000000       0x72 build/default/production/IO.o
 .text          0x0000000000000000        0x0 build/default/production/LCD8bit.o
 .data          0x0000000000000000        0x0 build/default/production/LCD8bit.o
 .bss           0x0000000000000000        0x0 build/default/production/LCD8bit.o
 .text.lcd_write_num
                0x0000000000000000       0x3a build/default/production/LCD8bit.o
 .text          0x0000000000000000        0x0 build/default/production/ADC.o
 .data          0x0000000000000000        0x0 build/default/production/ADC.o
 .bss           0x0000000000000000        0x0 build/default/production/ADC.o
 .text.init_Interrupt_ADC
                0x0000000000000000        0x4 build/default/production/ADC.o
 .text          0x0000000000000000        0x0 build/default/production/taskprint.o
 .data          0x0000000000000000        0x0 build/default/production/taskprint.o
 .bss           0x0000000000000000        0x0 build/default/production/taskprint.o
 .text          0x0000000000000000        0x0 build/default/production/loop.o
 .data          0x0000000000000000        0x0 build/default/production/loop.o
 .bss           0x0000000000000000        0x0 build/default/production/loop.o
 .text          0x0000000000000000        0x0 c:/program files/microchip/xc8/v2.32/avr/bin/../lib/gcc/avr/5.4.0/avr5/memx-const\libgcc.a(_exit.o)
 .data          0x0000000000000000        0x0 c:/program files/microchip/xc8/v2.32/avr/bin/../lib/gcc/avr/5.4.0/avr5/memx-const\libgcc.a(_exit.o)
 .bss           0x0000000000000000        0x0 c:/program files/microchip/xc8/v2.32/avr/bin/../lib/gcc/avr/5.4.0/avr5/memx-const\libgcc.a(_exit.o)
 .text.libgcc.mul
                0x0000000000000000        0x0 c:/program files/microchip/xc8/v2.32/avr/bin/../lib/gcc/avr/5.4.0/avr5/memx-const\libgcc.a(_exit.o)
 .text.libgcc.div
                0x0000000000000000        0x0 c:/program files/microchip/xc8/v2.32/avr/bin/../lib/gcc/avr/5.4.0/avr5/memx-const\libgcc.a(_exit.o)
 .text.libgcc   0x0000000000000000        0x0 c:/program files/microchip/xc8/v2.32/avr/bin/../lib/gcc/avr/5.4.0/avr5/memx-const\libgcc.a(_exit.o)
 .text.libgcc.prologue
                0x0000000000000000        0x0 c:/program files/microchip/xc8/v2.32/avr/bin/../lib/gcc/avr/5.4.0/avr5/memx-const\libgcc.a(_exit.o)
 .stack.descriptors
                0x0000000000000000       0x13 c:/program files/microchip/xc8/v2.32/avr/bin/../lib/gcc/avr/5.4.0/avr5/memx-const\libgcc.a(_exit.o)
 .text.libgcc.builtins
                0x0000000000000000        0x0 c:/program files/microchip/xc8/v2.32/avr/bin/../lib/gcc/avr/5.4.0/avr5/memx-const\libgcc.a(_exit.o)
 .text.libgcc.fmul
                0x0000000000000000        0x0 c:/program files/microchip/xc8/v2.32/avr/bin/../lib/gcc/avr/5.4.0/avr5/memx-const\libgcc.a(_exit.o)
 .text.libgcc.fixed
                0x0000000000000000        0x0 c:/program files/microchip/xc8/v2.32/avr/bin/../lib/gcc/avr/5.4.0/avr5/memx-const\libgcc.a(_exit.o)
 .text          0x0000000000000000        0x0 c:/program files/microchip/xc8/v2.32/avr/bin/../lib/gcc/avr/5.4.0/avr5/memx-const\libgcc.a(_copy_data.o)
 .data          0x0000000000000000        0x0 c:/program files/microchip/xc8/v2.32/avr/bin/../lib/gcc/avr/5.4.0/avr5/memx-const\libgcc.a(_copy_data.o)
 .bss           0x0000000000000000        0x0 c:/program files/microchip/xc8/v2.32/avr/bin/../lib/gcc/avr/5.4.0/avr5/memx-const\libgcc.a(_copy_data.o)
 .text.libgcc.mul
                0x0000000000000000        0x0 c:/program files/microchip/xc8/v2.32/avr/bin/../lib/gcc/avr/5.4.0/avr5/memx-const\libgcc.a(_copy_data.o)
 .text.libgcc.div
                0x0000000000000000        0x0 c:/program files/microchip/xc8/v2.32/avr/bin/../lib/gcc/avr/5.4.0/avr5/memx-const\libgcc.a(_copy_data.o)
 .text.libgcc   0x0000000000000000        0x0 c:/program files/microchip/xc8/v2.32/avr/bin/../lib/gcc/avr/5.4.0/avr5/memx-const\libgcc.a(_copy_data.o)
 .text.libgcc.prologue
                0x0000000000000000        0x0 c:/program files/microchip/xc8/v2.32/avr/bin/../lib/gcc/avr/5.4.0/avr5/memx-const\libgcc.a(_copy_data.o)
 .text.libgcc.builtins
                0x0000000000000000        0x0 c:/program files/microchip/xc8/v2.32/avr/bin/../lib/gcc/avr/5.4.0/avr5/memx-const\libgcc.a(_copy_data.o)
 .text.libgcc.fmul
                0x0000000000000000        0x0 c:/program files/microchip/xc8/v2.32/avr/bin/../lib/gcc/avr/5.4.0/avr5/memx-const\libgcc.a(_copy_data.o)
 .text.libgcc.fixed
                0x0000000000000000        0x0 c:/program files/microchip/xc8/v2.32/avr/bin/../lib/gcc/avr/5.4.0/avr5/memx-const\libgcc.a(_copy_data.o)
 .text          0x0000000000000000        0x0 c:/program files/microchip/xc8/v2.32/avr/bin/../lib/gcc/avr/5.4.0/avr5/memx-const\libgcc.a(_movmemx.o)
 .data          0x0000000000000000        0x0 c:/program files/microchip/xc8/v2.32/avr/bin/../lib/gcc/avr/5.4.0/avr5/memx-const\libgcc.a(_movmemx.o)
 .bss           0x0000000000000000        0x0 c:/program files/microchip/xc8/v2.32/avr/bin/../lib/gcc/avr/5.4.0/avr5/memx-const\libgcc.a(_movmemx.o)
 .text.libgcc.mul
                0x0000000000000000        0x0 c:/program files/microchip/xc8/v2.32/avr/bin/../lib/gcc/avr/5.4.0/avr5/memx-const\libgcc.a(_movmemx.o)
 .text.libgcc.div
                0x0000000000000000        0x0 c:/program files/microchip/xc8/v2.32/avr/bin/../lib/gcc/avr/5.4.0/avr5/memx-const\libgcc.a(_movmemx.o)
 .text.libgcc.prologue
                0x0000000000000000        0x0 c:/program files/microchip/xc8/v2.32/avr/bin/../lib/gcc/avr/5.4.0/avr5/memx-const\libgcc.a(_movmemx.o)
 .stack.descriptors
                0x0000000000000000       0x34 c:/program files/microchip/xc8/v2.32/avr/bin/../lib/gcc/avr/5.4.0/avr5/memx-const\libgcc.a(_movmemx.o)
 .text.libgcc.builtins
                0x0000000000000000        0x0 c:/program files/microchip/xc8/v2.32/avr/bin/../lib/gcc/avr/5.4.0/avr5/memx-const\libgcc.a(_movmemx.o)
 .text.libgcc.fmul
                0x0000000000000000        0x0 c:/program files/microchip/xc8/v2.32/avr/bin/../lib/gcc/avr/5.4.0/avr5/memx-const\libgcc.a(_movmemx.o)
 .text.libgcc.fixed
                0x0000000000000000        0x0 c:/program files/microchip/xc8/v2.32/avr/bin/../lib/gcc/avr/5.4.0/avr5/memx-const\libgcc.a(_movmemx.o)
 .text          0x0000000000000000        0x0 c:/program files/microchip/xc8/v2.32/avr/bin/../lib/gcc/avr/5.4.0/../../../../avr/lib/avr5/memx-const\libc.a(itoa_ncheck.o)
 .data          0x0000000000000000        0x0 c:/program files/microchip/xc8/v2.32/avr/bin/../lib/gcc/avr/5.4.0/../../../../avr/lib/avr5/memx-const\libc.a(itoa_ncheck.o)
 .bss           0x0000000000000000        0x0 c:/program files/microchip/xc8/v2.32/avr/bin/../lib/gcc/avr/5.4.0/../../../../avr/lib/avr5/memx-const\libc.a(itoa_ncheck.o)
 .text.avrlibc  0x0000000000000000       0x16 c:/program files/microchip/xc8/v2.32/avr/bin/../lib/gcc/avr/5.4.0/../../../../avr/lib/avr5/memx-const\libc.a(itoa_ncheck.o)
 .stack.descriptors.hdr
                0x0000000000000000        0xe c:/program files/microchip/xc8/v2.32/avr/bin/../lib/gcc/avr/5.4.0/../../../../avr/lib/avr5/memx-const\libc.a(itoa_ncheck.o)
 .stack.descriptors
                0x0000000000000000       0x1b c:/program files/microchip/xc8/v2.32/avr/bin/../lib/gcc/avr/5.4.0/../../../../avr/lib/avr5/memx-const\libc.a(itoa_ncheck.o)
 .text          0x0000000000000000        0x0 c:/program files/microchip/xc8/v2.32/avr/bin/../lib/gcc/avr/5.4.0/../../../../avr/lib/avr5/memx-const\libc.a(utoa_ncheck.o)
 .data          0x0000000000000000        0x0 c:/program files/microchip/xc8/v2.32/avr/bin/../lib/gcc/avr/5.4.0/../../../../avr/lib/avr5/memx-const\libc.a(utoa_ncheck.o)
 .bss           0x0000000000000000        0x0 c:/program files/microchip/xc8/v2.32/avr/bin/../lib/gcc/avr/5.4.0/../../../../avr/lib/avr5/memx-const\libc.a(utoa_ncheck.o)
 .text.avrlibc  0x0000000000000000       0x34 c:/program files/microchip/xc8/v2.32/avr/bin/../lib/gcc/avr/5.4.0/../../../../avr/lib/avr5/memx-const\libc.a(utoa_ncheck.o)
 .stack.descriptors.hdr
                0x0000000000000000        0xe c:/program files/microchip/xc8/v2.32/avr/bin/../lib/gcc/avr/5.4.0/../../../../avr/lib/avr5/memx-const\libc.a(utoa_ncheck.o)
 .stack.descriptors
                0x0000000000000000       0x36 c:/program files/microchip/xc8/v2.32/avr/bin/../lib/gcc/avr/5.4.0/../../../../avr/lib/avr5/memx-const\libc.a(utoa_ncheck.o)
 .text          0x0000000000000000        0x0 c:/program files/microchip/xc8/v2.32/avr/bin/../lib/gcc/avr/5.4.0/../../../../avr/lib/avr5/memx-const\libc.a(strrev.o)
 .data          0x0000000000000000        0x0 c:/program files/microchip/xc8/v2.32/avr/bin/../lib/gcc/avr/5.4.0/../../../../avr/lib/avr5/memx-const\libc.a(strrev.o)
 .bss           0x0000000000000000        0x0 c:/program files/microchip/xc8/v2.32/avr/bin/../lib/gcc/avr/5.4.0/../../../../avr/lib/avr5/memx-const\libc.a(strrev.o)
 .text.avrlibc  0x0000000000000000       0x20 c:/program files/microchip/xc8/v2.32/avr/bin/../lib/gcc/avr/5.4.0/../../../../avr/lib/avr5/memx-const\libc.a(strrev.o)
 .stack.descriptors.hdr
                0x0000000000000000        0xe c:/program files/microchip/xc8/v2.32/avr/bin/../lib/gcc/avr/5.4.0/../../../../avr/lib/avr5/memx-const\libc.a(strrev.o)
 .stack.descriptors
                0x0000000000000000       0x14 c:/program files/microchip/xc8/v2.32/avr/bin/../lib/gcc/avr/5.4.0/../../../../avr/lib/avr5/memx-const\libc.a(strrev.o)

Memory Configuration

Name             Origin             Length             Attributes
text             0x0000000000000000 0x0000000000008000 xr
data             0x0000000000800060 0x0000000000000800 rw !x
eeprom           0x0000000000810000 0x0000000000000400 rw !x
fuse             0x0000000000820000 0x0000000000000002 rw !x
lock             0x0000000000830000 0x0000000000000400 rw !x
signature        0x0000000000840000 0x0000000000000400 rw !x
user_signatures  0x0000000000850000 0x0000000000000400 rw !x
*default*        0x0000000000000000 0xffffffffffffffff

Linker script and memory map

LOAD C:/Program Files/Microchip/MPLABX/v5.50/packs/Microchip/ATmega_DFP/2.3.126/xc8/avr/lib/avr5/memx-const/crtatmega32.o
                0x0000000000000001                __MPLAB_BUILD = 0x1
LOAD build/default/production/main.o
LOAD build/default/production/IO.o
LOAD build/default/production/LCD8bit.o
LOAD build/default/production/ADC.o
LOAD build/default/production/taskprint.o
LOAD build/default/production/loop.o
START GROUP
LOAD c:/program files/microchip/xc8/v2.32/avr/bin/../lib/gcc/avr/5.4.0/../../../../avr/lib/avr5/memx-const\libm.a
END GROUP
START GROUP
LOAD c:/program files/microchip/xc8/v2.32/avr/bin/../lib/gcc/avr/5.4.0/avr5/memx-const\libgcc.a
LOAD c:/program files/microchip/xc8/v2.32/avr/bin/../lib/gcc/avr/5.4.0/../../../../avr/lib/avr5/memx-const\libm.a
LOAD c:/program files/microchip/xc8/v2.32/avr/bin/../lib/gcc/avr/5.4.0/../../../../avr/lib/avr5/memx-const\libc.a
LOAD C:/Program Files/Microchip/MPLABX/v5.50/packs/Microchip/ATmega_DFP/2.3.126/xc8/avr/lib/avr5/memx-const\libatmega32.a
END GROUP
                0x0000000000000000                __TEXT_REGION_ORIGIN__ = DEFINED (__TEXT_REGION_ORIGIN__)?__TEXT_REGION_ORIGIN__:0x0
                [0x0000000000800060]                __DATA_REGION_ORIGIN__ = DEFINED (__DATA_REGION_ORIGIN__)?__DATA_REGION_ORIGIN__:0x800060
                [0x0000000000008000]                __TEXT_REGION_LENGTH__ = DEFINED (__TEXT_REGION_LENGTH__)?__TEXT_REGION_LENGTH__:0x20000
                [0x0000000000000800]                __DATA_REGION_LENGTH__ = DEFINED (__DATA_REGION_LENGTH__)?__DATA_REGION_LENGTH__:0xffa0
                [0x0000000000000400]                __EEPROM_REGION_LENGTH__ = DEFINED (__EEPROM_REGION_LENGTH__)?__EEPROM_REGION_LENGTH__:0x10000
                [0x0000000000000002]                __FUSE_REGION_LENGTH__ = DEFINED (__FUSE_REGION_LENGTH__)?__FUSE_REGION_LENGTH__:0x400
                0x0000000000000400                __LOCK_REGION_LENGTH__ = DEFINED (__LOCK_REGION_LENGTH__)?__LOCK_REGION_LENGTH__:0x400
                0x0000000000000400                __SIGNATURE_REGION_LENGTH__ = DEFINED (__SIGNATURE_REGION_LENGTH__)?__SIGNATURE_REGION_LENGTH__:0x400
                0x0000000000000400                __USER_SIGNATURE_REGION_LENGTH__ = DEFINED (__USER_SIGNATURE_REGION_LENGTH__)?__USER_SIGNATURE_REGION_LENGTH__:0x400

.hash
 *(.hash)

.dynsym
 *(.dynsym)

.dynstr
 *(.dynstr)

.gnu.version
 *(.gnu.version)

.gnu.version_d
 *(.gnu.version_d)

.gnu.version_r
 *(.gnu.version_r)

.rel.init
 *(.rel.init)

.rela.init
 *(.rela.init)

.rel.text
 *(.rel.text)
 *(.rel.text.*)
 *(.rel.gnu.linkonce.t*)

.rela.text
 *(.rela.text)
 *(.rela.text.*)
 *(.rela.gnu.linkonce.t*)

.rel.fini
 *(.rel.fini)

.rela.fini
 *(.rela.fini)

.rel.rodata
 *(.rel.rodata)
 *(.rel.rodata.*)
 *(.rel.gnu.linkonce.r*)

.rela.rodata
 *(.rela.rodata)
 *(.rela.rodata.*)
 *(.rela.gnu.linkonce.r*)

.rel.data
 *(.rel.data)
 *(.rel.data.*)
 *(.rel.gnu.linkonce.d*)

.rela.data
 *(.rela.data)
 *(.rela.data.*)
 *(.rela.gnu.linkonce.d*)

.rel.ctors
 *(.rel.ctors)

.rela.ctors
 *(.rela.ctors)

.rel.dtors
 *(.rel.dtors)

.rela.dtors
 *(.rela.dtors)

.rel.got
 *(.rel.got)

.rela.got
 *(.rela.got)

.rel.bss
 *(.rel.bss)

.rela.bss
 *(.rela.bss)

.rel.plt
 *(.rel.plt)

.rela.plt
 *(.rela.plt)

.text           0x0000000000000000       0xae
 *(.vectors)
 .vectors       0x0000000000000000       0x54 C:/Program Files/Microchip/MPLABX/v5.50/packs/Microchip/ATmega_DFP/2.3.126/xc8/avr/lib/avr5/memx-const/crtatmega32.o
                0x0000000000000000                __vector_default
                0x0000000000000000                __vectors
 *(.vectors)
 *(.progmem.gcc*)
 *(.dinit)
 .dinit         0x0000000000000054        0x5 data_init
                0x000000000000005a                . = ALIGN (0x2)
 *fill*         0x0000000000000059        0x1 
                0x000000000000005a                __trampolines_start = .
 *(.trampolines)
 .trampolines   0x000000000000005a        0x0 linker stubs
 *(.trampolines*)
                0x000000000000005a                __trampolines_end = .
 *libprintf_flt.a:*(.progmem.data)
 *libc.a:*(.progmem.data)
                0x000000000000005a                . = ALIGN (0x2)
 *(.jumptables)
 *(.jumptables*)
 *(.lowtext)
 *(.lowtext*)
                0x000000000000005a                __ctors_start = .
 *(.ctors)
                0x000000000000005a                __ctors_end = .
                0x000000000000005a                __dtors_start = .
 *(.dtors)
                0x000000000000005a                __dtors_end = .
 SORT(*)(.ctors)
 SORT(*)(.dtors)
 *(.init0)
 .init0         0x000000000000005a        0x0 C:/Program Files/Microchip/MPLABX/v5.50/packs/Microchip/ATmega_DFP/2.3.126/xc8/avr/lib/avr5/memx-const/crtatmega32.o
                0x000000000000005a                __init
 *(.init0)
 *(.init1)
 *(.init1)
 *(.init2)
 .init2         0x000000000000005a        0xc C:/Program Files/Microchip/MPLABX/v5.50/packs/Microchip/ATmega_DFP/2.3.126/xc8/avr/lib/avr5/memx-const/crtatmega32.o
 *(.init2)
 *(.init3)
 *(.init3)
 *(.init4)
 .init4         0x0000000000000066       0x3c c:/program files/microchip/xc8/v2.32/avr/bin/../lib/gcc/avr/5.4.0/avr5/memx-const\libgcc.a(_copy_data.o)
                0x0000000000000066                __do_copy_data
                0x0000000000000094                __do_clear_bss
 *(.init4)
 *(.init5)
 *(.init5)
 *(.init6)
 *(.init6)
 *(.init7)
 *(.init7)
 *(.init8)
 *(.init8)
 *(.init9)
 .init9         0x00000000000000a2        0x8 C:/Program Files/Microchip/MPLABX/v5.50/packs/Microchip/ATmega_DFP/2.3.126/xc8/avr/lib/avr5/memx-const/crtatmega32.o
 *(.init9)
                0x00000000000000aa                . = ALIGN (0x2)
 *(.fini9)
 .fini9         0x00000000000000aa        0x0 c:/program files/microchip/xc8/v2.32/avr/bin/../lib/gcc/avr/5.4.0/avr5/memx-const\libgcc.a(_exit.o)
                0x00000000000000aa                _exit
                0x00000000000000aa                exit
 *(.fini9)
 *(.fini8)
 *(.fini8)
 *(.fini7)
 *(.fini7)
 *(.fini6)
 *(.fini6)
 *(.fini5)
 *(.fini5)
 *(.fini4)
 *(.fini4)
 *(.fini3)
 *(.fini3)
 *(.fini2)
 *(.fini2)
 *(.fini1)
 *(.fini1)
 *(.fini0)
 .fini0         0x00000000000000aa        0x4 c:/program files/microchip/xc8/v2.32/avr/bin/../lib/gcc/avr/5.4.0/avr5/memx-const\libgcc.a(_exit.o)
 *(.fini0)
                0x00000000000000ae                _etext = .

.data           0x0000000000800060        0x0 load address 0x00000000000000ae
                [!provide]                        PROVIDE (__data_start, .)
 *(.gnu.linkonce.d*)
 *(.gnu.linkonce.r*)
                0x0000000000800060                . = ALIGN (0x2)
                0x0000000000800060                _edata = .
                [!provide]                        PROVIDE (__data_end, .)

.bss            0x0000000000800060        0xa
                [!provide]                        PROVIDE (__bss_start, .)
 *(COMMON)
 COMMON         0x0000000000800060        0xa build/default/production/loop.o
                0x0000000000800060                result
                [!provide]                        PROVIDE (__bss_end, .)
                0x00000000000000ae                __data_load_start = LOADADDR (.data)
                0x00000000000000ae                __data_load_end = (__data_load_start + SIZEOF (.data))

.noinit         0x000000000080006a        0x0
                [!provide]                        PROVIDE (__noinit_start, .)
 *(.noinit*)
                [!provide]                        PROVIDE (__noinit_end, .)
                0x000000000080006a                _end = .

.eeprom         0x0000000000810000        0x0
 *(.eeprom*)
                0x0000000000810000                __eeprom_end = .

.fuse
 *(.fuse)
 *(.lfuse)
 *(.hfuse)
 *(.efuse)

.lock
 *(.lock*)

.signature
 *(.signature*)

.user_signatures
 *(.user_signatures*)

.stab
 *(.stab)

.stabstr
 *(.stabstr)

.stab.excl
 *(.stab.excl)

.stab.exclstr
 *(.stab.exclstr)

.stab.index
 *(.stab.index)

.stab.indexstr
 *(.stab.indexstr)

.comment        0x0000000000000000       0x2f
 *(.comment)
 .comment       0x0000000000000000       0x2f build/default/production/main.o
                                         0x30 (size before relaxing)
 .comment       0x000000000000002f       0x30 build/default/production/IO.o
 .comment       0x000000000000002f       0x30 build/default/production/LCD8bit.o
 .comment       0x000000000000002f       0x30 build/default/production/ADC.o
 .comment       0x000000000000002f       0x30 build/default/production/taskprint.o
 .comment       0x000000000000002f       0x30 build/default/production/loop.o

.stack.descriptors.hdr
                0x0000000000000000       0x1c
 .stack.descriptors.hdr
                0x0000000000000000        0xe c:/program files/microchip/xc8/v2.32/avr/bin/../lib/gcc/avr/5.4.0/avr5/memx-const\libgcc.a(_exit.o)
 .stack.descriptors.hdr
                0x000000000000000e        0xe c:/program files/microchip/xc8/v2.32/avr/bin/../lib/gcc/avr/5.4.0/avr5/memx-const\libgcc.a(_movmemx.o)

.note.gnu.build-id
 *(.note.gnu.build-id)

.debug
 *(.debug)

.line
 *(.line)

.debug_srcinfo
 *(.debug_srcinfo)

.debug_sfnames
 *(.debug_sfnames)

.debug_aranges  0x0000000000000000      0x180
 *(.debug_aranges)
 .debug_aranges
                0x0000000000000000       0x20 build/default/production/main.o
 .debug_aranges
                0x0000000000000020       0x48 build/default/production/IO.o
 .debug_aranges
                0x0000000000000068       0x58 build/default/production/LCD8bit.o
 .debug_aranges
                0x00000000000000c0       0x40 build/default/production/ADC.o
 .debug_aranges
                0x0000000000000100       0x50 build/default/production/taskprint.o
 .debug_aranges
                0x0000000000000150       0x30 build/default/production/loop.o

.debug_pubnames
 *(.debug_pubnames)

.debug_info     0x0000000000000000     0x2458
 *(.debug_info .gnu.linkonce.wi.*)
 .debug_info    0x0000000000000000      0x4e6 C:/Program Files/Microchip/MPLABX/v5.50/packs/Microchip/ATmega_DFP/2.3.126/xc8/avr/lib/avr5/memx-const/crtatmega32.o
 .debug_info    0x00000000000004e6      0x2ad build/default/production/main.o
 .debug_info    0x0000000000000793      0x3bc build/default/production/IO.o
 .debug_info    0x0000000000000b4f      0x92d build/default/production/LCD8bit.o
 .debug_info    0x000000000000147c      0x309 build/default/production/ADC.o
 .debug_info    0x0000000000001785      0x836 build/default/production/taskprint.o
 .debug_info    0x0000000000001fbb      0x49d build/default/production/loop.o

.debug_abbrev   0x0000000000000000      0xa3e
 *(.debug_abbrev)
 .debug_abbrev  0x0000000000000000      0x4a3 C:/Program Files/Microchip/MPLABX/v5.50/packs/Microchip/ATmega_DFP/2.3.126/xc8/avr/lib/avr5/memx-const/crtatmega32.o
 .debug_abbrev  0x00000000000004a3       0x76 build/default/production/main.o
 .debug_abbrev  0x0000000000000519       0x9c build/default/production/IO.o
 .debug_abbrev  0x00000000000005b5      0x1be build/default/production/LCD8bit.o
 .debug_abbrev  0x0000000000000773       0x96 build/default/production/ADC.o
 .debug_abbrev  0x0000000000000809      0x105 build/default/production/taskprint.o
 .debug_abbrev  0x000000000000090e      0x130 build/default/production/loop.o

.debug_line     0x0000000000000000      0xbe4
 *(.debug_line .debug_line.* .debug_line_end)
 .debug_line    0x0000000000000000      0x119 C:/Program Files/Microchip/MPLABX/v5.50/packs/Microchip/ATmega_DFP/2.3.126/xc8/avr/lib/avr5/memx-const/crtatmega32.o
 .debug_line    0x0000000000000119       0x7e build/default/production/main.o
 .debug_line    0x0000000000000197      0x25b build/default/production/IO.o
 .debug_line    0x00000000000003f2      0x25c build/default/production/LCD8bit.o
 .debug_line    0x000000000000064e      0x104 build/default/production/ADC.o
 .debug_line    0x0000000000000752      0x24a build/default/production/taskprint.o
 .debug_line    0x000000000000099c      0x248 build/default/production/loop.o

.debug_frame    0x0000000000000000      0x308
 *(.debug_frame)
 .debug_frame   0x0000000000000000       0x24 build/default/production/main.o
 .debug_frame   0x0000000000000024       0x74 build/default/production/IO.o
 .debug_frame   0x0000000000000098       0xc0 build/default/production/LCD8bit.o
 .debug_frame   0x0000000000000158       0x64 build/default/production/ADC.o
 .debug_frame   0x00000000000001bc       0xf4 build/default/production/taskprint.o
 .debug_frame   0x00000000000002b0       0x58 build/default/production/loop.o

.debug_str      0x0000000000000000      0x305
 *(.debug_str)
 .debug_str     0x0000000000000000      0x196 C:/Program Files/Microchip/MPLABX/v5.50/packs/Microchip/ATmega_DFP/2.3.126/xc8/avr/lib/avr5/memx-const/crtatmega32.o
 .debug_str     0x0000000000000196       0x4b build/default/production/main.o
 .debug_str     0x00000000000001e1        0xf build/default/production/IO.o
 .debug_str     0x00000000000001f0       0x3a build/default/production/LCD8bit.o
 .debug_str     0x000000000000022a        0x0 build/default/production/ADC.o
 .debug_str     0x000000000000022a       0x17 build/default/production/taskprint.o
 .debug_str     0x0000000000000241       0xc4 build/default/production/loop.o

.debug_loc      0x0000000000000000      0xa3e
 *(.debug_loc)
 .debug_loc     0x0000000000000000      0x370 build/default/production/IO.o
 .debug_loc     0x0000000000000370      0x3c8 build/default/production/LCD8bit.o
 .debug_loc     0x0000000000000738       0xa2 build/default/production/ADC.o
 .debug_loc     0x00000000000007da      0x1f8 build/default/production/taskprint.o
 .debug_loc     0x00000000000009d2       0x6c build/default/production/loop.o

.debug_macinfo
 *(.debug_macinfo)

.debug_weaknames
 *(.debug_weaknames)

.debug_funcnames
 *(.debug_funcnames)

.debug_typenames
 *(.debug_typenames)

.debug_varnames
 *(.debug_varnames)

.debug_pubtypes
 *(.debug_pubtypes)

.debug_ranges   0x0000000000000000      0x120
 *(.debug_ranges)
 .debug_ranges  0x0000000000000000       0x10 build/default/production/main.o
 .debug_ranges  0x0000000000000010       0x38 build/default/production/IO.o
 .debug_ranges  0x0000000000000048       0x48 build/default/production/LCD8bit.o
 .debug_ranges  0x0000000000000090       0x30 build/default/production/ADC.o
 .debug_ranges  0x00000000000000c0       0x40 build/default/production/taskprint.o
 .debug_ranges  0x0000000000000100       0x20 build/default/production/loop.o

.debug_macro
 *(.debug_macro)
OUTPUT(dist/default/production/Glove_for_Deaf.X.production.elf elf32-avr)
LOAD linker stubs
LOAD data_init

.note.gnu.avr.deviceinfo
                0x0000000000000000       0x3c
 .note.gnu.avr.deviceinfo
                0x0000000000000000       0x3c C:/Program Files/Microchip/MPLABX/v5.50/packs/Microchip/ATmega_DFP/2.3.126/xc8/avr/lib/avr5/memx-const/crtatmega32.o

.progmemx.data  0x00000000000000ae       0x58
 .progmemx.data
                0x00000000000000ae       0x58 build/default/production/taskprint.o

.text.Operations_Move_Hand
                0x0000000000000106      0x1e6
 .text.Operations_Move_Hand
                0x0000000000000106      0x1e6 build/default/production/loop.o
                0x0000000000000106                Operations_Move_Hand

.text.setPinDir
                0x00000000000002ec       0xf0
 .text.setPinDir
                0x00000000000002ec       0xf0 build/default/production/IO.o
                0x00000000000002ec                setPinDir

.text.setPinData
                0x00000000000003dc       0xf0
 .text.setPinData
                0x00000000000003dc       0xf0 build/default/production/IO.o
                0x00000000000003dc                setPinData

.text.lcd_init  0x00000000000004cc       0xbe
 .text.lcd_init
                0x00000000000004cc       0xbe build/default/production/LCD8bit.o
                0x00000000000004cc                lcd_init

.text.Write_REALLY_I_LOVE_YOU
                0x000000000000058a       0x88
 .text.Write_REALLY_I_LOVE_YOU
                0x000000000000058a       0x88 build/default/production/taskprint.o
                0x000000000000058a                Write_REALLY_I_LOVE_YOU

.text.Write_I_WISH_YOU_A_HAPPY_LIFE
                0x0000000000000612       0x88
 .text.Write_I_WISH_YOU_A_HAPPY_LIFE
                0x0000000000000612       0x88 build/default/production/taskprint.o
                0x0000000000000612                Write_I_WISH_YOU_A_HAPPY_LIFE

.text.Write_I_M_Watching
                0x000000000000069a       0x60
 .text.Write_I_M_Watching
                0x000000000000069a       0x60 build/default/production/taskprint.o
                0x000000000000069a                Write_I_M_Watching

.text.Write_I_LOVE_YOU
                0x00000000000006fa       0x60
 .text.Write_I_LOVE_YOU
                0x00000000000006fa       0x60 build/default/production/taskprint.o
                0x00000000000006fa                Write_I_LOVE_YOU

.text.Write_THIS_IS_TERRIBLE
                0x000000000000075a       0x60
 .text.Write_THIS_IS_TERRIBLE
                0x000000000000075a       0x60 build/default/production/taskprint.o
                0x000000000000075a                Write_THIS_IS_TERRIBLE

.text.Write_EXCELLENT_WORK
                0x00000000000007ba       0x60
 .text.Write_EXCELLENT_WORK
                0x00000000000007ba       0x60 build/default/production/taskprint.o
                0x00000000000007ba                Write_EXCELLENT_WORK

.text.setPortDir
                0x000000000000081a       0x52
 .text.setPortDir
                0x000000000000081a       0x52 build/default/production/IO.o
                0x000000000000081a                setPortDir

.text.Write_you
                0x000000000000086c       0x50
 .text.Write_you
                0x000000000000086c       0x50 build/default/production/taskprint.o
                0x000000000000086c                Write_you

.text.ADC_Save_Read
                0x00000000000008bc       0x3c
 .text.ADC_Save_Read
                0x00000000000008bc       0x3c build/default/production/loop.o
                0x00000000000008bc                ADC_Save_Read

.text.lcd_enabel
                0x00000000000008f8       0x2e
 .text.lcd_enabel
                0x00000000000008f8       0x2e build/default/production/LCD8bit.o
                0x00000000000008f8                lcd_enabel

.text.setPortData
                0x0000000000000926       0x2a
 .text.setPortData
                0x0000000000000926       0x2a build/default/production/IO.o
                0x0000000000000926                setPortData

.text.lcd_write
                0x0000000000000950       0x28
 .text.lcd_write
                0x0000000000000950       0x28 build/default/production/LCD8bit.o
                0x0000000000000950                lcd_write

.text.lcd_write_cmd
                0x0000000000000978       0x28
 .text.lcd_write_cmd
                0x0000000000000978       0x28 build/default/production/LCD8bit.o
                0x0000000000000978                lcd_write_cmd

.text.ADC_init  0x00000000000009a0       0x28
 .text.ADC_init
                0x00000000000009a0       0x28 build/default/production/ADC.o
                0x00000000000009a0                ADC_init

.text.main      0x00000000000009c8       0x1e
 .text.main     0x00000000000009c8       0x1e build/default/production/main.o
                0x00000000000009c8                main

.text.lcd_write_str
                0x00000000000009e6       0x1e
 .text.lcd_write_str
                0x00000000000009e6       0x1e build/default/production/LCD8bit.o
                0x00000000000009e6                lcd_write_str

.text.lcd_goto  0x0000000000000a04       0x1e
 .text.lcd_goto
                0x0000000000000a04       0x1e build/default/production/LCD8bit.o
                0x0000000000000a04                lcd_goto

.text.ADC_Channel_Increment
                0x0000000000000a22       0x1c
 .text.ADC_Channel_Increment
                0x0000000000000a22       0x1c build/default/production/loop.o
                0x0000000000000a22                ADC_Channel_Increment

.text.libgcc    0x0000000000000a3e       0x1a
 .text.libgcc   0x0000000000000a3e       0x1a c:/program files/microchip/xc8/v2.32/avr/bin/../lib/gcc/avr/5.4.0/avr5/memx-const\libgcc.a(_movmemx.o)
                0x0000000000000a3e                __movmemx_qi
                0x0000000000000a40                __movmemx_hi

.text.lcd_clear
                0x0000000000000a58       0x14
 .text.lcd_clear
                0x0000000000000a58       0x14 build/default/production/LCD8bit.o
                0x0000000000000a58                lcd_clear

.text.ADC_read  0x0000000000000a6c        0xe
 .text.ADC_read
                0x0000000000000a6c        0xe build/default/production/ADC.o
                0x0000000000000a6c                ADC_read

.text.ADC_channel
                0x0000000000000a7a        0xa
 .text.ADC_channel
                0x0000000000000a7a        0xa build/default/production/ADC.o
                0x0000000000000a7a                ADC_channel

.text           0x0000000000000a84        0x4
 .text          0x0000000000000a84        0x4 C:/Program Files/Microchip/MPLABX/v5.50/packs/Microchip/ATmega_DFP/2.3.126/xc8/avr/lib/avr5/memx-const/crtatmega32.o
                0x0000000000000a84                __vector_1
                0x0000000000000a84                __vector_12
                0x0000000000000a84                __bad_interrupt
                0x0000000000000a84                __vector_6
                0x0000000000000a84                __vector_3
                0x0000000000000a84                __vector_11
                0x0000000000000a84                __vector_13
                0x0000000000000a84                __vector_17
                0x0000000000000a84                __vector_19
                0x0000000000000a84                __vector_7
                0x0000000000000a84                __vector_5
                0x0000000000000a84                __vector_4
                0x0000000000000a84                __vector_9
                0x0000000000000a84                __vector_2
                0x0000000000000a84                __vector_15
                0x0000000000000a84                __vector_8
                0x0000000000000a84                __vector_14
                0x0000000000000a84                __vector_10
                0x0000000000000a84                __vector_16
                0x0000000000000a84                __vector_18
                0x0000000000000a84                __vector_20

.text.ADC_start_conversion
                0x0000000000000a88        0x4
 .text.ADC_start_conversion
                0x0000000000000a88        0x4 build/default/production/ADC.o
                0x0000000000000a88                ADC_start_conversion
